// Jest Snapshot v1, https://goo.gl/fbAQLP

exports[`Test <GifExpertApp /> should match the snapshot 1`] = `
<div>
  <h1>
    Gifs Expert
  </h1>
  <form
    aria-label="form"
  >
    <input
      placeholder="Buscar gifs"
      type="text"
      value=""
    />
  </form>
</div>
`;
